// Jest Snapshot v1, https://goo.gl/fbAQLP

exports[`PasteableTextInput should render pasteable text input 1`] = `
<ConditionalWrapper
  conditional={true}
  wrapper={[Function]}
>
  <TextInput
    allowFontScaling={true}
    onContentSizeChange={[Function]}
    onPaste={[MockFunction]}
    rejectResponderTermination={true}
    underlineColorAndroid="transparent"
  >
    My Text
  </TextInput>
</ConditionalWrapper>
`;
