// Jest Snapshot v1, https://goo.gl/fbAQLP

exports[`ProgressiveImage should match snapshot 1`] = `
<View
  style={Object {}}
/>
`;
